// Jest Snapshot v1, https://goo.gl/fbAQLP

exports[`<AlertComponent/> Alert component renders correctly 1`] = `
<View
  style={
    Object {
      "alignItems": "center",
      "alignSelf": "center",
      "backgroundColor": "rgba(255,255,255,0.9)",
      "bottom": 0,
      "flex": 1,
      "justifyContent": "center",
      "left": 0,
      "position": "absolute",
      "right": 0,
      "top": 0,
    }
  }
>
  <Text
    style={
      Object {
        "alignSelf": "center",
        "color": "#2f3138",
        "fontSize": 29.5,
        "fontWeight": "bold",
        "lineHeight": 44.5,
        "textAlign": "center",
        "width": 460,
      }
    }
  >
    Incorrect Path
  </Text>
</View>
`;
