// Jest Snapshot v1, https://goo.gl/fbAQLP

exports[`<Loader/> Loader component renders correctly 1`] = `
<View
  style={
    Object {
      "alignItems": "center",
      "alignSelf": "center",
      "backgroundColor": "rgba(255,255,255,0.7)",
      "bottom": 0,
      "flex": 1,
      "justifyContent": "center",
      "left": 0,
      "position": "absolute",
      "right": 0,
      "top": 0,
      "zIndex": 100,
    }
  }
>
  <ActivityIndicator
    animating={true}
    color="#2f3138"
    hidesWhenStopped={true}
    size="large"
  />
  <Text
    style={
      Object {
        "color": "#2f3138",
        "fontSize": 29.5,
        "fontWeight": "bold",
        "lineHeight": 44.5,
        "textAlign": "center",
      }
    }
  >
    Incorrect Path
  </Text>
</View>
`;
